[vivendodecripto.com/vslnova02/index.html]
[backblue.gif]
[fade.gif]
[index.html]
[vivendodecripto.com/wp-content/plugins/elementor/assets/css/frontend-lite.mindcff.css]
[vivendodecripto.com/wp-content/plugins/elementor/assets/lib/swiper/v8/css/swiper.min94a4.css]
[vivendodecripto.com/wp-content/uploads/elementor/css/post-6b898.css]
[vivendodecripto.com/wp-content/plugins/elementor-pro/assets/css/frontend-lite.min34a7.css]
[vivendodecripto.com/wp-content/uploads/elementor/css/globalb898.css]
[vivendodecripto.com/wp-content/uploads/elementor/css/post-794ec7e.css]
[vivendodecripto.com/wp-includes/js/jquery/jquery.minf43b.js]
[vivendodecripto.com/wp-includes/js/jquery/jquery-migrate.min5589.js]
[vivendodecripto.com/wp-content/plugins/pixelyoursite/dist/scripts/jquery.bind-first-0.2.3.minb6a4.js]
[vivendodecripto.com/wp-content/plugins/pixelyoursite/dist/scripts/js.cookie-2.1.3.min4c71.js]
[vivendodecripto.com/wp-content/plugins/pixelyoursite/dist/scripts/publice8ff.js]
[scripts.converteai.net/c9960593-5e6b-4851-b4ad-df6e95855782/players/66ce82f7cd646c000b5151b6/player.js]
[scripts.converteai.net/lib/js/smartplayer/v1/smartplayer.min.js]
[images.converteai.net/c9960593-5e6b-4851-b4ad-df6e95855782/players/66ce82f7cd646c000b5151b6/thumbnail.jpg]
[vivendodecripto.com/wp-content/uploads/2024/05/VIVENDO-CRIPTO-logo-1.png]
[images.converteai.net/c9960593-5e6b-4851-b4ad-df6e95855782/players/6698d65123201a000b0243d0/thumbnail.jpg]
[scripts.converteai.net/c9960593-5e6b-4851-b4ad-df6e95855782/players/6698d65123201a000b0243d0/player.js]
[vivendodecripto.com/wp-content/uploads/2024/06/1.jpg]
[vivendodecripto.com/wp-content/plugins/elementor/assets/css/widget-icon-list.min.css]
[vivendodecripto.com/wp-content/uploads/2024/06/ssss-759x1024.png]
[ajax.googleapis.com/ajax/libs/jquery/3.4.1/jquery.min.js]
[vivendodecripto.com/wp-content/plugins/elementor/assets/lib/animations/animations.mindcff.css]
[vivendodecripto.com/wp-content/plugins/elementor-pro/assets/js/webpack-pro.runtime.min34a7.js]
[vivendodecripto.com/wp-content/plugins/elementor/assets/js/webpack.runtime.mindcff.js]
[vivendodecripto.com/wp-content/plugins/elementor/assets/js/frontend-modules.mindcff.js]
[vivendodecripto.com/wp-includes/js/dist/hooks.min2757.js]
[vivendodecripto.com/wp-includes/js/dist/i18n.minc33c.js]
[vivendodecripto.com/wp-content/plugins/elementor-pro/assets/js/frontend.min34a7.js]
[vivendodecripto.com/wp-content/plugins/elementor/assets/lib/waypoints/waypoints.min05da.js]
[vivendodecripto.com/wp-includes/js/jquery/ui/core.minb37e.js]
[vivendodecripto.com/wp-content/plugins/elementor/assets/js/frontend.mindcff.js]
[vivendodecripto.com/vslnova02/index.html]
[vivendodecripto.com/wp-content/plugins/elementor-pro/assets/js/elements-handlers.min34a7.js]
[vivendodecripto.com/wp-content/plugins/elementor/assets/css/frontend-lite.mindcff.css]
[vivendodecripto.com/wp-content/plugins/elementor/assets/lib/swiper/v8/css/swiper.min94a4.css]
[vivendodecripto.com/wp-content/uploads/elementor/css/post-6b898.css]
[vivendodecripto.com/wp-content/plugins/elementor-pro/assets/css/frontend-lite.min34a7.css]
[vivendodecripto.com/wp-content/uploads/elementor/css/globalb898.css]
[vivendodecripto.com/wp-content/uploads/2024/05/capa.jpg]
[vivendodecripto.com/wp-content/uploads/2024/05/capa-mobile.jpg]
[vivendodecripto.com/wp-content/uploads/elementor/css/post-794ec7e.css]
[vivendodecripto.com/wp-includes/js/jquery/jquery.minf43b.js]
[vivendodecripto.com/wp-includes/js/jquery/jquery-migrate.min5589.js]
[vivendodecripto.com/wp-content/plugins/pixelyoursite/dist/scripts/jquery.bind-first-0.2.3.minb6a4.js]
[vivendodecripto.com/wp-content/plugins/pixelyoursite/dist/scripts/js.cookie-2.1.3.min4c71.js]
[vivendodecripto.com/wp-content/plugins/pixelyoursite/dist/scripts/publice8ff.js]
[www.googletagmanager.com/gtm5445.html]
[vivendodecripto.com/wp-content/plugins/elementor/assets/css/widget-icon-list.min.css]
[vivendodecripto.com/wp-content/plugins/elementor/assets/lib/animations/animations.mindcff.css]
[vivendodecripto.com/wp-content/plugins/elementor-pro/assets/js/webpack-pro.runtime.min34a7.js]
[vivendodecripto.com/wp-content/plugins/elementor/assets/js/webpack.runtime.mindcff.js]
[vivendodecripto.com/wp-content/plugins/elementor/assets/js/frontend-modules.mindcff.js]
[vivendodecripto.com/wp-includes/js/dist/hooks.min2757.js]
[vivendodecripto.com/wp-includes/js/dist/i18n.minc33c.js]
[vivendodecripto.com/wp-content/plugins/elementor-pro/assets/js/frontend.min34a7.js]
[vivendodecripto.com/wp-content/plugins/elementor/assets/lib/waypoints/waypoints.min05da.js]
[vivendodecripto.com/wp-includes/js/jquery/ui/core.minb37e.js]
[connect.facebook.net/en_US/fbevents.js]
[vivendodecripto.com/vslnova02/-negative.svg]
[vivendodecripto.com/wp-content/plugins/elementor/assets/js/frontend.mindcff.js]
[vivendodecripto.com/vslnova02/window.location.href]
[vivendodecripto.com/wp-content/plugins/elementor-pro/assets/js/elements-handlers.min34a7.js]
[vivendodecripto.com/vslnova02/OPR/index.html]
[vivendodecripto.com/signals/iwl.js]
[connect.facebook.net/en_US/fbevents.js]
[vivendodecripto.com/vslnova02/-negative.html]
[vivendodecripto.com/vslnova02/OPR/index.html]
[vivendodecripto.com/vslnova02/window.location.html]
[vivendodecripto.com/signals/iwl.html]
